// Jest Snapshot v1, https://goo.gl/fbAQLP

exports[`App should match a snapshot with all data passed in 1`] = `
<div
  className="App"
>
  <h1>
    Blend It!
  </h1>
  <h2>
    Choose Your Ingredients
  </h2>
  <ChosenIngredientList
    ingredients={Array []}
  />
  <SmoothieContainer
    smoothies={Array []}
  />
</div>
`;
