// Jest Snapshot v1, https://goo.gl/fbAQLP

exports[`App should match a snapshot with all data passed in 1`] = `
<div
  className="App"
>
  <h1>
    Blend It!
  </h1>
  <h2>
    Choose Your Ingredients
  </h2>
  <Ingredients
    chooseIngredients={[Function]}
    ingredients={
      Object {
        "bases": Array [
          "milk",
          "yogurt",
          "coconut water",
          "orange juice",
          "coconut milk",
          "oats",
          "pomegranate juice",
          "juice",
          "pineapple juice",
        ],
        "extras": Array [
          "chia seeds",
          "ginger",
          "cinnamon",
          "protein powder",
          "honey",
          "almond butter",
          "vanilla extract",
          "mint leaves",
          "dates",
          "peanut butter",
          "flaxseed",
          "sugar",
          "coconut flakes",
          "cocoa powder",
          "spirulina powder",
          "lime juice",
          "brown sugar",
          "dark chocolate chips",
          "turmeric",
          "hemp seeds",
          "raw almonds",
          "almond extract",
          "coconut oil",
          "cacao powder",
          "stevia",
          "maple syrup",
          "agave nectar",
          "matcha",
          "cayenne",
          "whey protein",
          "chocolate sandwich cookies",
          "peppermint extract",
        ],
        "fruit": Array [
          "banana",
          "pineapple",
          "mango",
          "cherries",
          "blueberries",
          "strawberries",
          "peach",
          "blackberries",
          "raspberries",
          "apple",
          "watermelon",
          "lemon",
          "orange",
          "kiwi",
          "pear",
          "grapes",
          "avocado",
        ],
        "vegetables": Array [
          "spinach",
          "kale",
          "carrot",
          "power greens mix",
          "cucumber",
          "beet",
        ],
      }
    }
    removeIngredient={[Function]}
  />
  <SmoothieContainer
    smoothies={
      Array [
        Object {
          "id": 1,
          "img": "images/babe-ruth.jpg",
          "ingredients": Array [
            "1 cup strawberries",
            "1/2 cup pineapple",
            "1 banana",
            "2 cups orange juice",
            "1/2 cup greek yogurt",
            "1 cup spinach, optional",
            "1 tablespoon chia or flaxseed, optional",
            "ice",
          ],
          "name": "Babe Ruth Strawberry Pineapple Banana Smoothie",
          "servings": 4,
          "source": "https://www.modernhoney.com/6-healthy-superfood-smoothies/",
        },
        Object {
          "id": 2,
          "img": "images/cherry-almond.jpg",
          "ingredients": Array [
            "1 cup almond milk",
            "1 cup cherries",
            "3 tablespoons raw almonds",
            "2 tablespoons raw honey",
            "1 teaspoon cinnamon",
            "1/2 teaspoon almond extract",
            "1 tablespoon coconut oil",
          ],
          "name": "Cherry Almond Smoothie",
          "servings": 1,
          "source": "https://bakedbree.com/cherry-almond-smoothies",
        },
        Object {
          "id": 3,
          "img": "images/lovely-greens.jpg",
          "ingredients": Array [
            "1 cup pineapple",
            "2 cups spinach",
            "1/2 cup grapes",
            "1 1/2 cup orange juice",
            "1 banana",
            "ice",
          ],
          "name": "Lovely Greens Smoothie",
          "servings": 4,
          "source": "https://www.modernhoney.com/6-healthy-superfood-smoothies/",
        },
        Object {
          "id": 4,
          "img": "images/blueberry-cacao-power.jpg",
          "ingredients": Array [
            "3/4 cup frozen blueberries",
            "3/4 cup almond milk",
            "2 tablespoons raw cacao powder",
            "1 tablespoon chia seeds",
            "2-3 pitted dates",
            "1 cup power greens mix",
            "stevia or pure maple syrup, to taste (optional)",
          ],
          "name": "Blueberry Cacao Power Smoothie",
          "servings": 1,
          "source": "https://www.hummusapien.com/blueberry-cocao-power-smoothie/",
        },
        Object {
          "id": 5,
          "img": "images/youthful-glow-green.jpg",
          "ingredients": Array [
            "2 cups kale or power greens mix",
            "2 cups baby spinach",
            "2 cups apple juice",
            "1/2 cucumber",
            "1/2 lemon squeezed",
            "1 banana",
            "ice",
            "1 teaspoon fresh ginger grated, optional",
          ],
          "name": "Youthful Glow Green Smoothie",
          "servings": 4,
          "source": "https://www.modernhoney.com/youthful-glow-green-smoothie/",
        },
        Object {
          "id": 6,
          "img": "images/peach-mango.jpg",
          "ingredients": Array [
            "1 cup peaches",
            "1/2 cup mangoes",
            "1/4 cup mango nectar",
            "1/2 a banana",
            "2 teaspoons sugar or honey (optional)",
            "2 ice cubes",
          ],
          "name": "Peach Mango Smoothie",
          "servings": 1,
          "source": "https://www.onceuponachef.com/recipes/peach-mango-smoothies.html",
        },
        Object {
          "id": 7,
          "img": "images/mango-berry-banana.jpg",
          "ingredients": Array [
            "1 very ripe peeled banana (preferably frozen)",
            "2 Medjool dates, pitted",
            "1 cup frozen mango chunks",
            "¾ cup coconut water",
            "½ cup frozen blackberries or blueberries",
            "¼ cup plain yogurt",
            "1 tablespoon ground flaxseeds",
          ],
          "name": "Mango, Berry & Banana Smoothie",
          "servings": 2,
          "source": "https://www.bonappetit.com/recipe/mango-berry-banana-smoothie",
        },
        Object {
          "id": 8,
          "img": "images/banana-almond.jpg",
          "ingredients": Array [
            "1 frozen banana, broken into 3–4 chunks",
            "1 cup almond milk",
            "1 tablespoon almond butter",
            "1/8 teaspoon almond extract (optional)]",
          ],
          "name": "Banana Almond Smoothie",
          "servings": 1,
          "source": "https://www.bonappetit.com/recipe/banana-almond-smoothie",
        },
        Object {
          "id": 9,
          "img": "images/backberry-and-yogurt-breakfast.jpg",
          "ingredients": Array [
            "1 banana",
            "2 cups (packed) spinach leaves",
            "1 cup frozen blackberries",
            "1 cup nonfat yogurt",
            "1/2 cup fresh orange juice",
            "1 teaspoon finely grated peeled ginger",
            "1 teaspoon honey or light agave syrup (nectar)",
          ],
          "name": "Blackberry and Yogurt Breakfast Smoothie",
          "servings": 1,
          "source": "https://www.bonappetit.com/recipe/blackberry-and-yogurt-breakfast-smoothie",
        },
        Object {
          "id": 10,
          "img": "images/avocado-kale-pineapple-and-coconut.jpg",
          "ingredients": Array [
            "½ ripe avocado, pitted, peeled",
            "½ cup coarsely chopped kale or spinach",
            "½ cup frozen pineapple chunks",
            "¼ cup coarsely chopped coconut meat",
            "1 cup coconut water or iced green tea",
            "2 tablespoons fresh lemon juice",
            "1 tablespoon matcha (green tea powder)",
            "1 tablespoon light agave nectar",
            "Pinch of kosher salt",
          ],
          "name": "Avocado, Kale, Pineapple, and Coconut Smoothie",
          "servings": 1,
          "source": "https://www.bonappetit.com/recipe/avocado-kale-pineapple-and-coconut-smoothie",
        },
        Object {
          "id": 11,
          "img": "images/tropical-carrot-ginger-and-turmeric.jpg",
          "ingredients": Array [
            "1 blood or navel orange, peel and white pith removed",
            "1 large carrot, scrubbed, coarsely chopped",
            "½ cup frozen mango chunks",
            "⅔ cup coconut water",
            "1 tablespoon shelled raw hemp seeds",
            "¾ teaspoon finely grated peeled ginger",
            "1½ teaspoons finely grated peeled turmeric",
            "Pinch of cayenne pepper",
            "Pinch of kosher salt",
          ],
          "name": "Tropical Carrot, Ginger, and Turmeric Smoothie",
          "servings": 1,
          "source": "https://www.bonappetit.com/recipe/tropical-carrot-ginger-and-turmeric-smoothie",
        },
        Object {
          "id": 12,
          "img": "images/strawberry-banana.jpg",
          "ingredients": Array [
            "2 cups fresh strawberries, halved",
            "1 banana, quartered and frozen",
            "1/2 cup Greek yogurt",
            "1/2 cup milk",
          ],
          "name": "Strawberry Banana Smoothie",
          "servings": 2,
          "source": "https://downshiftology.com/recipes/strawberry-banana-smoothie",
        },
        Object {
          "id": 13,
          "img": "images/blackberry-coconut-fruit.jpg",
          "ingredients": Array [
            "1 cup unsweetened coconut milk",
            "1/2 cup blackberries, fesh or frozen",
            "1/2 banana",
            "1/4 cup unsweetened coconut flakes",
            "2 scoops of Vanilla Protein Powder",
          ],
          "name": "Blackberry Coconut Fruit Smoothie",
          "servings": 1,
          "source": "https://www.asweetpeachef.com/4-high-protein-fruit-smoothie-recipes",
        },
        Object {
          "id": 14,
          "img": "images/tropical-chai-fruit.jpg",
          "ingredients": Array [
            "1 cup unsweetened almond milk",
            "½ cup mango, fresh or frozen",
            "½ cup pineapple chunks, fresh or frozen",
            "2 scoops of Vanilla Protein Powder",
          ],
          "name": "Tropical Chia Fruit Smoothie",
          "servings": 1,
          "source": "https://www.asweetpeachef.com/4-high-protein-fruit-smoothie-recipes",
        },
        Object {
          "id": 15,
          "img": "images/the-best-green-protein-fruit.jpg",
          "ingredients": Array [
            "1 cup unsweetened almond milk",
            "1 cup baby spinach, packed",
            "1/2 banana",
            "1/2 pear",
            "1 tbsp almond butter",
            "2 scoops of Vanilla Protein Powder",
          ],
          "name": "The Best Green Protein Fruit Smoothie",
          "servings": 1,
          "source": "https://www.asweetpeachef.com/4-high-protein-fruit-smoothie-recipes",
        },
        Object {
          "id": 16,
          "img": "images/tropical-smoothie.jpg",
          "ingredients": Array [
            "3/4 cup of pineapple juice",
            "1/2 cup of canned coconut milk light is ok",
            "1 large banana fresh or sliced then frozen",
            "1 cup of frozen mango",
            "1 cup of frozen pineapple",
          ],
          "name": "Tropical Smoothie Recipe",
          "servings": 2,
          "source": "https://www.dinneratthezoo.com/tropical-smoothie-recipe/",
        },
        Object {
          "id": 17,
          "img": "images/the-best-breakfast-smoothie.jpg",
          "ingredients": Array [
            "1 banana, frozen",
            "1 cup strawberries, frozen",
            "2 tablespoons rolled oatmeal",
            "¼ cup protein powder",
            "1 tablespoon peanut butter, creamy",
            "1 cup almond milk",
          ],
          "name": "The Best Breakfast Smoothie",
          "servings": 2,
          "source": "https://fitfoodiefinds.com/the-best-breakfast-smoothie/",
        },
        Object {
          "id": 18,
          "img": "images/aloha-pineapple.jpg",
          "ingredients": Array [
            "1/2 banana, sliced",
            "1/2 cup strawberries, sliced",
            "1/2 cup fresh pineapple, diced",
            "1 cup crushed ice",
            "1/2 cup vanilla greek yogurt",
          ],
          "name": "Aloha Pineapple Smoothie",
          "servings": 1,
          "source": "https://www.sixsistersstuff.com/recipe/copycat-jamba-juice-aloha-pineapple-smoothie-recipe/",
        },
        Object {
          "id": 19,
          "img": "images/immunity-boosting-triple-berry-kiwi.jpg",
          "ingredients": Array [
            "1 cup frozen strawberries",
            "3/4 cup frozen raspberries",
            "1/2 cup frozen blueberries",
            "2 kiwifruit peeled and sliced",
            "1 cup orange juice",
          ],
          "name": "Immunity Boosting Triple Berry Kiwi Smoothie",
          "servings": 1,
          "source": "https://theprettybee.com/triple-berry-kiwi-smoothie/?sf=pywonlz",
        },
        Object {
          "id": 20,
          "img": "./image/detox-chia.jpg",
          "ingredients": Array [
            "1 cup spinach leaves",
            "1 banana, cut into pieces",
            "1 cup frozen pineapple chunks",
            "1 tbsp chia seeds",
            "1 cup unsweetened almond milk, plus more if needed",
          ],
          "name": "Detox Green Smoothie with Chia Seeds",
          "servings": 1,
          "source": "http://allyscooking.com/2016/12/30/detox-green-smoothie-with-chia-seeds/",
        },
        Object {
          "id": 21,
          "img": "./oj-creamsicle.jpg",
          "ingredients": Array [
            "1 cup your favorite type of milk",
            "3/4 cup chopped baby carrots",
            "5 clementine mandarin oranges peeled and separated",
            "1/2 cup unsweetened yogurt",
            "Optional: lemon juice Stevia drops",
          ],
          "name": "Orange Creamsicle Smoothie",
          "servings": 2,
          "source": "https://thefitcookie.com/healthy-orange-creamsicle-smoothie/",
        },
        Object {
          "id": 22,
          "img": "./choc-pb-banana.jpg",
          "ingredients": Array [
            "1/8 cup creamy peanut butter",
            "1 banana (frozen is best if you have it)",
            "1/4 cup milk (add another 1/4 cup if you have a lower powered blender)",
            "1/4 cup low fat vanilla greek yogurt",
            "1 TBS cocoa powder",
            "1/2 cup ice",
          ],
          "name": "Chocolate Peanut Butter Banana Smoothie",
          "servings": 2,
          "source": "https://lmld.org/chocolate-peanut-butter-banana-smoothie/",
        },
        Object {
          "id": 23,
          "img": "./spirulina-bb.jpg",
          "ingredients": Array [
            "1 banana, frozen",
            "1/4 cup blueberries, frozen",
            "1 cup kale",
            "1 cup unsweetened soy milk (or milk of choice)",
            "1 teaspoon spirulina powder",
          ],
          "name": "Glowing Green Spirulina Smoothie",
          "servings": 2,
          "source": "https://www.unsweetenedcaroline.com/glowing-green-spirulina-smoothie/",
        },
        Object {
          "id": 24,
          "img": "cherry-mango-anti.jpg",
          "ingredients": Array [
            "1 cup mango, frozen",
            "1 cup sweet cherries, frozen",
            "1 1/4 cup water",
          ],
          "name": "Cherry Mango Anti-Inflammatory Smoothie",
          "servings": 2,
          "source": "https://www.pinterest.com/pin/359513982735684622/",
        },
        Object {
          "id": 25,
          "img": "./beats-bb.jpg",
          "ingredients": Array [
            "¾ cup almond milk",
            "¾ cup frozen blackberries and/or blueberries",
            "¼ cup grated beet (from about 1 small)",
            "¼ cup mint leaves",
            "2 tablespoons fresh lime juice",
            "1 tablespoon ground chia seeds",
            "1 tablespoon honey",
            "Pinch of kosher salt",
          ],
          "name": "Berry, Beet, Mint, Lime, and Chia Seed Smoothie",
          "servings": 1,
          "source": "https://www.bonappetit.com/recipe/berry-beet-mint-lime-chia-seed-smoothie",
        },
        Object {
          "id": 26,
          "img": "./jamba-pineapple.jpg",
          "ingredients": Array [
            "1/2 banana",
            "1/2 cup yogurt",
            "1/2 cup pineapple, fresh",
            "1 cup ice cubes",
            "1/2 strawberries",
          ],
          "name": "Copycat Jamba Juice Aloha Pineapple",
          "servings": 2,
          "source": "https://www.sixsistersstuff.com/recipe/copycat-jamba-juice-aloha-pineapple-smoothie-recipe/",
        },
        Object {
          "id": 27,
          "img": "./worlds-best-green.jpg",
          "ingredients": Array [
            "¾ cup lightly packed kale",
            "½ cup milk",
            "1 small pear",
            "1 banana, frozen",
            "1 tablespoon almond butter",
            "½ teaspoon vanilla extract (or ¼ teaspoon vanilla powder)",
          ],
          "name": "The World’s Best Green Smoothie",
          "servings": 1,
          "source": "https://www.smartnutrition.ca/recipes/worlds-best-green-smoothie-3/",
        },
        Object {
          "id": 28,
          "img": "bb-muffin.jpg",
          "ingredients": Array [
            "1/2 cup milk",
            "4 – 6 oz vanilla Greek yogurt",
            "1/2 cup frozen blueberries",
            "1/2 frozen banana",
            "1/4 cup raw oats",
            "1/4 teaspoon lemon zest",
            "1/2 cup ice cubes",
          ],
          "name": "Blueberry Muffin Smoothie",
          "servings": 1,
          "source": "https://iowagirleats.com/2014/07/09/blueberry-muffin-smoothie/",
        },
        Object {
          "id": 29,
          "img": "peach-watermelon.jpeg",
          "ingredients": Array [
            "3 cups chopped watermelon",
            "1 ripe peach sliced",
            "1/2 cup plain coconut milk refrigerated, not canned",
            "handful of ice",
            "mint for garnish",
          ],
          "name": "Watermelon Peach Smoothie",
          "servings": 2,
          "source": "https://www.seasonalcravings.com/watermelon-peach-smoothie/",
        },
        Object {
          "id": 30,
          "img": "./images/cinnamon-roll.png",
          "ingredients": Array [
            "1 cup vanilla almond milk",
            "1/2 cup vanilla Greek yogurt",
            "1/4 cup old fashioned oats",
            "1 Tablespoon brown sugar",
            "1/4 teaspoon cinnamon",
            "1 frozen banana (or fresh banana, but add in 3-4 ice cubes with fresh)",
          ],
          "name": "Cinnamon Roll Smoothie",
          "servings": 2,
          "source": "https://www.familyfreshmeals.com/2015/04/cinnamon-roll-smoothie.html",
        },
        Object {
          "id": 31,
          "img": "./images/cookies-cream.png",
          "ingredients": Array [
            "banana",
            "yogurt",
            "vanilla extract",
            "milk",
            "chocolate sandwich cookies",
            "whipped cream",
          ],
          "name": "Cookies and Cream Smoothie",
          "recipe": Array [
            "1/2 frozen banana",
            "1 cup vanilla yogurt or plain yogurt",
            "1 teaspoon vanilla extract",
            "1 cup milk of choice",
            "5 chocolate sandwich cookies (Oreos or generic brand)",
            "Garnish: whipped cream or whipped topping, cookie crumbs (optional)",
          ],
          "servings": 1,
          "source": "http://www.centercutcook.com/cookies-and-cream-smoothie/",
        },
        Object {
          "id": 32,
          "img": "./images/antibloat.png",
          "ingredients": Array [
            "coconut water",
            "banana",
            "cucumber",
            "ginger",
            "ice",
          ],
          "name": "Anti-Bloat Smoothie",
          "recipe": Array [
            "1/2 cup coconut water",
            "1 banana",
            "1 large cucumber, sliced",
            "1 inch piece of fresh ginger, peeled and sliced",
            "handful of ice",
          ],
          "servings": 1,
          "source": "https://happyhealthymama.com/the-anti-bloat-smoothie.html#_a5y_p=4123702",
        },
        Object {
          "id": 33,
          "img": "./images/apple-pie.png",
          "ingredients": Array [
            "yogurt",
            "apple",
            "milk",
            "honey",
            "ice",
            "cinnamon",
          ],
          "name": "Healthy Apple Pie Smoothie",
          "recipe": Array [
            "6 oz vanilla yogurt",
            "1 apple chopped",
            "1/2 cup milk",
            "1 Tablespoon of  honey",
            "1/2 cup ice cubes",
            "1/4 teaspoon cinnamon",
          ],
          "servings": 2,
          "source": "https://www.familyfreshmeals.com/2015/08/healthy-apple-pie-smoothie.html",
        },
        Object {
          "id": 34,
          "img": "./images/pina-colada.png",
          "ingredients": Array [
            "banana",
            "pineapple",
            "pineapple",
            "coconut milk",
            "ice",
          ],
          "name": "Healthy Pina Colada Smoothie",
          "recipe": Array [
            "1/2 frozen banana",
            "1/2 cup frozen pineapple chunks",
            "1/3 cup pineapple or pina colada juice",
            "1/4 cup coconut milk",
            "a handful of ice cubes",
          ],
          "servings": 1,
          "source": "https://gatherforbread.com/easy-5-minute-pina-colada-smoothie/",
        },
        Object {
          "id": 35,
          "img": "./images/rasp-apple.png",
          "ingredients": Array [
            "coconut water",
            "bananas",
            "apple",
            "raspberries",
            "ice",
          ],
          "name": "Raspberry Apple Smoothie with Bananas",
          "recipe": Array [
            "1/2 cup coconut water",
            "2 medium-sized bananas",
            "2 cups apple, sliced, (1 large apple)",
            "2 cups raspberries, frozen",
            "1/2 cup ice cubes",
          ],
          "servings": 2,
          "source": "https://www.jessicagavin.com/raspberry-apple-smoothie-bananas/",
        },
        Object {
          "id": 36,
          "img": "./images/cherry.png",
          "ingredients": Array [
            "juice",
            "banana",
            "cherries",
            "yogurt",
            "cherries",
          ],
          "name": "Cherry Smoothie",
          "recipe": Array [
            "1 1/2 cups juice cherry juice, cran-cherry juice, apple juice or white grape juice",
            " 1 banana cut in half",
            "1 1/2 cups frozen dark sweet cherries",
            "3/4 cup vanilla Greek yogurt",
            "fresh cherries and mint sprigs for garnish optional",
          ],
          "servings": 2,
          "source": "https://www.dinneratthezoo.com/cherry-smoothie/",
        },
        Object {
          "id": 37,
          "img": "./images/pomegranate.png",
          "ingredients": Array [
            "pomegranate juice",
            "coconut milk",
            "banana",
            "blueberries",
          ],
          "name": "Pomegranate Smoothie",
          "recipe": Array [
            "1 cup pomegranate juice",
            "½ cup coconut milk",
            "1 medium banana",
            "1 cup frozen blueberries",
          ],
          "servings": 3,
          "source": "https://realfoodrealdeals.com/pomegranate-smoothie/",
        },
        Object {
          "id": 38,
          "img": "./images/mango-vanilla.png",
          "ingredients": Array [
            "mango",
            "yogurt",
            "milk",
            "vanilla extract",
          ],
          "name": "Mango Vanilla Smoothie",
          "recipe": Array [
            "1 cup frozen mango chunks",
            "1/4 cup 2 ounces plain Greek yogurt",
            "1/4 cup vanilla soymilk",
            "1/2 teaspoon vanilla extract",
          ],
          "servings": 1,
          "source": "https://gatherforbread.com/mango-vanilla-smoothie/",
        },
        Object {
          "id": 39,
          "img": "./images/vanilla-oat.png",
          "ingredients": Array [
            "milk",
            "almond butter",
            "banana",
            "protein powder",
            "oats",
            "cinnamon",
            "sea salt",
          ],
          "name": "Vegan Oat Smoothie",
          "recipe": Array [
            "1 cup almond milk",
            "1 tbsp almond butter",
            "1 frozen banana",
            "2 tbsp vanilla protein powder",
            "1/4 cup oats",
            "1/2 teaspoon cinnamon",
            "Pinch of pink sea salt",
          ],
          "servings": 1,
          "source": "https://www.leahsplate.com/vanilla-oat-protein-smoothie/",
        },
        Object {
          "id": 40,
          "img": "./images/choc-mint.png",
          "ingredients": Array [
            "yogurt",
            "coconut milk",
            "spinach",
            "ice",
            "banana",
            "1 tablespoon plain whey protein",
            "peppermint extract",
            "honey (optional)",
            "1chocolate chips",
          ],
          "name": "Ultra Dreamy Mint Chocolate Chip Smoothie",
          "recipe": Array [
            "¼ cup plain yogurt",
            "¼ cup coconut milk (canned)",
            "1 cup frozen spinach (or 3-4 cups fresh)",
            "½ cup ice cubes (4-5 large cubes)",
            "½ medium banana (or a whole, if you\\"d like it sweeter!)",
            "1 tablespoon plain whey protein",
            "½ teaspoon peppermint extract",
            "1 teaspoon honey (optional)",
            "1 tablespoon dark chocolate chips",
          ],
          "servings": 1,
          "source": "https://sunkissedkitchen.com/green-spinach-mint-chocolate-chip-smoothie/",
        },
      ]
    }
  />
</div>
`;
