// Jest Snapshot v1, https://goo.gl/fbAQLP

exports[`IngredientContainer should match a snapshot with all data passed in 1`] = `
<IngredientContainer
  chooseIngredients={[MockFunction]}
  ingredients={
    Object {
      "bases": Array [
        "milk",
        "yogurt",
        "coconut water",
        "orange juice",
      ],
      "extras": Array [
        "chia seeds",
        "ginger",
        "cinnamon",
        "protein powder",
        "honey",
        "almond butter",
        "vanilla extract",
        "mint leaves",
      ],
      "fruit": Array [
        "banana",
        "pineapple",
        "mango",
        "cherries",
        "blueberries",
        "strawberries",
        "peach",
      ],
      "vegetables": Array [
        "spinach",
        "kale",
        "carrot",
        "power greens mix",
        "cucumber",
        "beet",
      ],
    }
  }
  removeIngredient={[MockFunction]}
>
  <div
    className="ingredients-container"
  >
    <div
      key="fruit"
    >
      <h3>
        fruit
      </h3>
      <Ingredient
        chooseIngredients={[MockFunction]}
        ingredient="banana"
        key="banana"
        removeIngredient={[MockFunction]}
      >
        <div>
          <h4
            className="not-selected"
            onClick={[Function]}
          >
            banana
          </h4>
        </div>
      </Ingredient>
      <Ingredient
        chooseIngredients={[MockFunction]}
        ingredient="pineapple"
        key="pineapple"
        removeIngredient={[MockFunction]}
      >
        <div>
          <h4
            className="not-selected"
            onClick={[Function]}
          >
            pineapple
          </h4>
        </div>
      </Ingredient>
      <Ingredient
        chooseIngredients={[MockFunction]}
        ingredient="mango"
        key="mango"
        removeIngredient={[MockFunction]}
      >
        <div>
          <h4
            className="not-selected"
            onClick={[Function]}
          >
            mango
          </h4>
        </div>
      </Ingredient>
      <Ingredient
        chooseIngredients={[MockFunction]}
        ingredient="cherries"
        key="cherries"
        removeIngredient={[MockFunction]}
      >
        <div>
          <h4
            className="not-selected"
            onClick={[Function]}
          >
            cherries
          </h4>
        </div>
      </Ingredient>
      <Ingredient
        chooseIngredients={[MockFunction]}
        ingredient="blueberries"
        key="blueberries"
        removeIngredient={[MockFunction]}
      >
        <div>
          <h4
            className="not-selected"
            onClick={[Function]}
          >
            blueberries
          </h4>
        </div>
      </Ingredient>
      <Ingredient
        chooseIngredients={[MockFunction]}
        ingredient="strawberries"
        key="strawberries"
        removeIngredient={[MockFunction]}
      >
        <div>
          <h4
            className="not-selected"
            onClick={[Function]}
          >
            strawberries
          </h4>
        </div>
      </Ingredient>
    </div>
    <div
      key="vegetables"
    >
      <h3>
        vegetables
      </h3>
      <Ingredient
        chooseIngredients={[MockFunction]}
        ingredient="spinach"
        key="spinach"
        removeIngredient={[MockFunction]}
      >
        <div>
          <h4
            className="not-selected"
            onClick={[Function]}
          >
            spinach
          </h4>
        </div>
      </Ingredient>
      <Ingredient
        chooseIngredients={[MockFunction]}
        ingredient="kale"
        key="kale"
        removeIngredient={[MockFunction]}
      >
        <div>
          <h4
            className="not-selected"
            onClick={[Function]}
          >
            kale
          </h4>
        </div>
      </Ingredient>
      <Ingredient
        chooseIngredients={[MockFunction]}
        ingredient="carrot"
        key="carrot"
        removeIngredient={[MockFunction]}
      >
        <div>
          <h4
            className="not-selected"
            onClick={[Function]}
          >
            carrot
          </h4>
        </div>
      </Ingredient>
      <Ingredient
        chooseIngredients={[MockFunction]}
        ingredient="power greens mix"
        key="power greens mix"
        removeIngredient={[MockFunction]}
      >
        <div>
          <h4
            className="not-selected"
            onClick={[Function]}
          >
            power greens mix
          </h4>
        </div>
      </Ingredient>
      <Ingredient
        chooseIngredients={[MockFunction]}
        ingredient="cucumber"
        key="cucumber"
        removeIngredient={[MockFunction]}
      >
        <div>
          <h4
            className="not-selected"
            onClick={[Function]}
          >
            cucumber
          </h4>
        </div>
      </Ingredient>
      <Ingredient
        chooseIngredients={[MockFunction]}
        ingredient="beet"
        key="beet"
        removeIngredient={[MockFunction]}
      >
        <div>
          <h4
            className="not-selected"
            onClick={[Function]}
          >
            beet
          </h4>
        </div>
      </Ingredient>
    </div>
    <div
      key="bases"
    >
      <h3>
        bases
      </h3>
      <Ingredient
        chooseIngredients={[MockFunction]}
        ingredient="milk"
        key="milk"
        removeIngredient={[MockFunction]}
      >
        <div>
          <h4
            className="not-selected"
            onClick={[Function]}
          >
            milk
          </h4>
        </div>
      </Ingredient>
      <Ingredient
        chooseIngredients={[MockFunction]}
        ingredient="yogurt"
        key="yogurt"
        removeIngredient={[MockFunction]}
      >
        <div>
          <h4
            className="not-selected"
            onClick={[Function]}
          >
            yogurt
          </h4>
        </div>
      </Ingredient>
      <Ingredient
        chooseIngredients={[MockFunction]}
        ingredient="coconut water"
        key="coconut water"
        removeIngredient={[MockFunction]}
      >
        <div>
          <h4
            className="not-selected"
            onClick={[Function]}
          >
            coconut water
          </h4>
        </div>
      </Ingredient>
      <Ingredient
        chooseIngredients={[MockFunction]}
        ingredient="orange juice"
        key="orange juice"
        removeIngredient={[MockFunction]}
      >
        <div>
          <h4
            className="not-selected"
            onClick={[Function]}
          >
            orange juice
          </h4>
        </div>
      </Ingredient>
    </div>
    <div
      key="extras"
    >
      <h3>
        extras
      </h3>
      <Ingredient
        chooseIngredients={[MockFunction]}
        ingredient="chia seeds"
        key="chia seeds"
        removeIngredient={[MockFunction]}
      >
        <div>
          <h4
            className="not-selected"
            onClick={[Function]}
          >
            chia seeds
          </h4>
        </div>
      </Ingredient>
      <Ingredient
        chooseIngredients={[MockFunction]}
        ingredient="ginger"
        key="ginger"
        removeIngredient={[MockFunction]}
      >
        <div>
          <h4
            className="not-selected"
            onClick={[Function]}
          >
            ginger
          </h4>
        </div>
      </Ingredient>
      <Ingredient
        chooseIngredients={[MockFunction]}
        ingredient="cinnamon"
        key="cinnamon"
        removeIngredient={[MockFunction]}
      >
        <div>
          <h4
            className="not-selected"
            onClick={[Function]}
          >
            cinnamon
          </h4>
        </div>
      </Ingredient>
      <Ingredient
        chooseIngredients={[MockFunction]}
        ingredient="protein powder"
        key="protein powder"
        removeIngredient={[MockFunction]}
      >
        <div>
          <h4
            className="not-selected"
            onClick={[Function]}
          >
            protein powder
          </h4>
        </div>
      </Ingredient>
      <Ingredient
        chooseIngredients={[MockFunction]}
        ingredient="honey"
        key="honey"
        removeIngredient={[MockFunction]}
      >
        <div>
          <h4
            className="not-selected"
            onClick={[Function]}
          >
            honey
          </h4>
        </div>
      </Ingredient>
      <Ingredient
        chooseIngredients={[MockFunction]}
        ingredient="almond butter"
        key="almond butter"
        removeIngredient={[MockFunction]}
      >
        <div>
          <h4
            className="not-selected"
            onClick={[Function]}
          >
            almond butter
          </h4>
        </div>
      </Ingredient>
    </div>
  </div>
</IngredientContainer>
`;
