// Jest Snapshot v1, https://goo.gl/fbAQLP

exports[`Recipe should match a snapshot with all data passed in 1`] = `
<div>
  <li>
    1 cup strawberries
  </li>
  <li>
    1/2 cup pineapple
  </li>
  <li>
    1 banana
  </li>
  <li>
    2 cups orange juice
  </li>
  <li>
    1/2 cup greek yogurt
  </li>
  <li>
    1 cup spinach, optional
  </li>
  <li>
    1 tablespoon chia or flaxseed, optional
  </li>
  <li>
    ice
  </li>
</div>
`;
