// Jest Snapshot v1, https://goo.gl/fbAQLP

exports[`Smoothie should match a snapshot with all data passed in 1`] = `
<div
  className="smoothie smoothie-in-list"
  onClick={[Function]}
>
  <h3
    className="smoothie-list-name"
  >
    Babe Ruth Strawberry Pineapple Banana Smoothie
  </h3>
  <img
    src="images/babe-ruth.jpg"
  />
</div>
`;
